  Determining projects to restore...
  All projects are up-to-date for restore.
/home/j4ckgrey/jellyfin-workspace/kebap/Baklava/Model/PatchRequestPayload.cs(8,22): warning CS8632: The annotation for nullable reference types should only be used in code within a '#nullable' annotations context. [/home/j4ckgrey/jellyfin-workspace/kebap/Baklava/Baklava.csproj]
/home/j4ckgrey/jellyfin-workspace/kebap/Baklava/Api/MetadataController.cs(195,46): warning CS8601: Possible null reference assignment. [/home/j4ckgrey/jellyfin-workspace/kebap/Baklava/Baklava.csproj]
/home/j4ckgrey/jellyfin-workspace/kebap/Baklava/Api/MetadataController.cs(362,52): error CS1061: 'ISessionManager' does not contain a definition for 'SendMessageToAllSessions' and no accessible extension method 'SendMessageToAllSessions' accepting a first argument of type 'ISessionManager' could be found (are you missing a using directive or an assembly reference?) [/home/j4ckgrey/jellyfin-workspace/kebap/Baklava/Baklava.csproj]
/home/j4ckgrey/jellyfin-workspace/kebap/Baklava/Api/MetadataController.cs(313,37): warning CS8602: Dereference of a possibly null reference. [/home/j4ckgrey/jellyfin-workspace/kebap/Baklava/Baklava.csproj]
/home/j4ckgrey/jellyfin-workspace/kebap/Baklava/Api/MetadataController.cs(492,41): warning CS1998: This async method lacks 'await' operators and will run synchronously. Consider using the 'await' operator to await non-blocking API calls, or 'await Task.Run(...)' to do CPU-bound work on a background thread. [/home/j4ckgrey/jellyfin-workspace/kebap/Baklava/Baklava.csproj]
/home/j4ckgrey/jellyfin-workspace/kebap/Baklava/Api/MetadataController.cs(857,31): warning CS8602: Dereference of a possibly null reference. [/home/j4ckgrey/jellyfin-workspace/kebap/Baklava/Baklava.csproj]
/home/j4ckgrey/jellyfin-workspace/kebap/Baklava/Api/MetadataController.cs(875,22): warning CS8602: Dereference of a possibly null reference. [/home/j4ckgrey/jellyfin-workspace/kebap/Baklava/Baklava.csproj]
/home/j4ckgrey/jellyfin-workspace/kebap/Baklava/Api/MetadataController.cs(947,60): warning CS8601: Possible null reference assignment. [/home/j4ckgrey/jellyfin-workspace/kebap/Baklava/Baklava.csproj]
/home/j4ckgrey/jellyfin-workspace/kebap/Baklava/Api/MetadataController.cs(1329,113): warning CS8604: Possible null reference argument for parameter 'value' in 'KeyValuePair<string, string>.KeyValuePair(string key, string value)'. [/home/j4ckgrey/jellyfin-workspace/kebap/Baklava/Baklava.csproj]
/home/j4ckgrey/jellyfin-workspace/kebap/Baklava/Api/MetadataController.cs(1442,30): warning CS8602: Dereference of a possibly null reference. [/home/j4ckgrey/jellyfin-workspace/kebap/Baklava/Baklava.csproj]
/home/j4ckgrey/jellyfin-workspace/kebap/Baklava/Api/MetadataController.cs(1448,34): warning CS8602: Dereference of a possibly null reference. [/home/j4ckgrey/jellyfin-workspace/kebap/Baklava/Baklava.csproj]
/home/j4ckgrey/jellyfin-workspace/kebap/Baklava/Api/MetadataController.cs(1596,58): warning SYSLIB0014: 'WebRequest.Create(string)' is obsolete: 'WebRequest, HttpWebRequest, ServicePoint, and WebClient are obsolete. Use HttpClient instead.' (https://aka.ms/dotnet-warnings/SYSLIB0014) [/home/j4ckgrey/jellyfin-workspace/kebap/Baklava/Baklava.csproj]
/home/j4ckgrey/jellyfin-workspace/kebap/Baklava/Api/MetadataController.cs(1616,65): warning SYSLIB0014: 'WebRequest.Create(string)' is obsolete: 'WebRequest, HttpWebRequest, ServicePoint, and WebClient are obsolete. Use HttpClient instead.' (https://aka.ms/dotnet-warnings/SYSLIB0014) [/home/j4ckgrey/jellyfin-workspace/kebap/Baklava/Baklava.csproj]

Build FAILED.

/home/j4ckgrey/jellyfin-workspace/kebap/Baklava/Model/PatchRequestPayload.cs(8,22): warning CS8632: The annotation for nullable reference types should only be used in code within a '#nullable' annotations context. [/home/j4ckgrey/jellyfin-workspace/kebap/Baklava/Baklava.csproj]
/home/j4ckgrey/jellyfin-workspace/kebap/Baklava/Api/MetadataController.cs(195,46): warning CS8601: Possible null reference assignment. [/home/j4ckgrey/jellyfin-workspace/kebap/Baklava/Baklava.csproj]
/home/j4ckgrey/jellyfin-workspace/kebap/Baklava/Api/MetadataController.cs(313,37): warning CS8602: Dereference of a possibly null reference. [/home/j4ckgrey/jellyfin-workspace/kebap/Baklava/Baklava.csproj]
/home/j4ckgrey/jellyfin-workspace/kebap/Baklava/Api/MetadataController.cs(492,41): warning CS1998: This async method lacks 'await' operators and will run synchronously. Consider using the 'await' operator to await non-blocking API calls, or 'await Task.Run(...)' to do CPU-bound work on a background thread. [/home/j4ckgrey/jellyfin-workspace/kebap/Baklava/Baklava.csproj]
/home/j4ckgrey/jellyfin-workspace/kebap/Baklava/Api/MetadataController.cs(857,31): warning CS8602: Dereference of a possibly null reference. [/home/j4ckgrey/jellyfin-workspace/kebap/Baklava/Baklava.csproj]
/home/j4ckgrey/jellyfin-workspace/kebap/Baklava/Api/MetadataController.cs(875,22): warning CS8602: Dereference of a possibly null reference. [/home/j4ckgrey/jellyfin-workspace/kebap/Baklava/Baklava.csproj]
/home/j4ckgrey/jellyfin-workspace/kebap/Baklava/Api/MetadataController.cs(947,60): warning CS8601: Possible null reference assignment. [/home/j4ckgrey/jellyfin-workspace/kebap/Baklava/Baklava.csproj]
/home/j4ckgrey/jellyfin-workspace/kebap/Baklava/Api/MetadataController.cs(1329,113): warning CS8604: Possible null reference argument for parameter 'value' in 'KeyValuePair<string, string>.KeyValuePair(string key, string value)'. [/home/j4ckgrey/jellyfin-workspace/kebap/Baklava/Baklava.csproj]
/home/j4ckgrey/jellyfin-workspace/kebap/Baklava/Api/MetadataController.cs(1442,30): warning CS8602: Dereference of a possibly null reference. [/home/j4ckgrey/jellyfin-workspace/kebap/Baklava/Baklava.csproj]
/home/j4ckgrey/jellyfin-workspace/kebap/Baklava/Api/MetadataController.cs(1448,34): warning CS8602: Dereference of a possibly null reference. [/home/j4ckgrey/jellyfin-workspace/kebap/Baklava/Baklava.csproj]
/home/j4ckgrey/jellyfin-workspace/kebap/Baklava/Api/MetadataController.cs(1596,58): warning SYSLIB0014: 'WebRequest.Create(string)' is obsolete: 'WebRequest, HttpWebRequest, ServicePoint, and WebClient are obsolete. Use HttpClient instead.' (https://aka.ms/dotnet-warnings/SYSLIB0014) [/home/j4ckgrey/jellyfin-workspace/kebap/Baklava/Baklava.csproj]
/home/j4ckgrey/jellyfin-workspace/kebap/Baklava/Api/MetadataController.cs(1616,65): warning SYSLIB0014: 'WebRequest.Create(string)' is obsolete: 'WebRequest, HttpWebRequest, ServicePoint, and WebClient are obsolete. Use HttpClient instead.' (https://aka.ms/dotnet-warnings/SYSLIB0014) [/home/j4ckgrey/jellyfin-workspace/kebap/Baklava/Baklava.csproj]
/home/j4ckgrey/jellyfin-workspace/kebap/Baklava/Api/MetadataController.cs(362,52): error CS1061: 'ISessionManager' does not contain a definition for 'SendMessageToAllSessions' and no accessible extension method 'SendMessageToAllSessions' accepting a first argument of type 'ISessionManager' could be found (are you missing a using directive or an assembly reference?) [/home/j4ckgrey/jellyfin-workspace/kebap/Baklava/Baklava.csproj]
    12 Warning(s)
    1 Error(s)

Time Elapsed 00:00:00.96
